../Drivers/BSP/STM32F429I-Discovery/stm32f429i_discovery_lcd.c:1378:13:FillBuffer	32	static
../Drivers/BSP/STM32F429I-Discovery/stm32f429i_discovery_lcd.c:1409:13:ConvertLineToARGB8888	32	static
../Drivers/BSP/STM32F429I-Discovery/stm32f429i_discovery_lcd.c:236:10:BSP_LCD_GetXSize	8	static
../Drivers/BSP/STM32F429I-Discovery/stm32f429i_discovery_lcd.c:245:10:BSP_LCD_GetYSize	8	static
../Drivers/BSP/STM32F429I-Discovery/stm32f429i_discovery_lcd.c:255:6:BSP_LCD_LayerDefaultInit	72	static
../Drivers/BSP/STM32F429I-Discovery/stm32f429i_discovery_lcd.c:291:6:BSP_LCD_SelectLayer	0	static
../Drivers/BSP/STM32F429I-Discovery/stm32f429i_discovery_lcd.c:302:6:BSP_LCD_SetLayerVisible	0	static
../Drivers/BSP/STM32F429I-Discovery/stm32f429i_discovery_lcd.c:324:6:BSP_LCD_SetLayerVisible_NoReload	0	static
../Drivers/BSP/STM32F429I-Discovery/stm32f429i_discovery_lcd.c:343:6:BSP_LCD_SetTransparency	8	static
../Drivers/BSP/STM32F429I-Discovery/stm32f429i_discovery_lcd.c:355:6:BSP_LCD_SetTransparency_NoReload	8	static
../Drivers/BSP/STM32F429I-Discovery/stm32f429i_discovery_lcd.c:365:6:BSP_LCD_SetLayerAddress	8	static
../Drivers/BSP/STM32F429I-Discovery/stm32f429i_discovery_lcd.c:376:6:BSP_LCD_SetLayerAddress_NoReload	8	static
../Drivers/BSP/STM32F429I-Discovery/stm32f429i_discovery_lcd.c:389:6:BSP_LCD_SetLayerWindow	24	static
../Drivers/BSP/STM32F429I-Discovery/stm32f429i_discovery_lcd.c:407:6:BSP_LCD_SetLayerWindow_NoReload	24	static
../Drivers/BSP/STM32F429I-Discovery/stm32f429i_discovery_lcd.c:421:6:BSP_LCD_SetColorKeying	16	static
../Drivers/BSP/STM32F429I-Discovery/stm32f429i_discovery_lcd.c:434:6:BSP_LCD_SetColorKeying_NoReload	16	static
../Drivers/BSP/STM32F429I-Discovery/stm32f429i_discovery_lcd.c:445:6:BSP_LCD_ResetColorKeying	8	static
../Drivers/BSP/STM32F429I-Discovery/stm32f429i_discovery_lcd.c:456:6:BSP_LCD_ResetColorKeying_NoReload	8	static
../Drivers/BSP/STM32F429I-Discovery/stm32f429i_discovery_lcd.c:469:6:BSP_LCD_Relaod	8	static
../Drivers/BSP/STM32F429I-Discovery/stm32f429i_discovery_lcd.c:478:10:BSP_LCD_GetTextColor	0	static
../Drivers/BSP/STM32F429I-Discovery/stm32f429i_discovery_lcd.c:487:10:BSP_LCD_GetBackColor	0	static
../Drivers/BSP/STM32F429I-Discovery/stm32f429i_discovery_lcd.c:496:6:BSP_LCD_SetTextColor	0	static
../Drivers/BSP/STM32F429I-Discovery/stm32f429i_discovery_lcd.c:505:6:BSP_LCD_SetBackColor	0	static
../Drivers/BSP/STM32F429I-Discovery/stm32f429i_discovery_lcd.c:514:6:BSP_LCD_SetFont	0	static
../Drivers/BSP/STM32F429I-Discovery/stm32f429i_discovery_lcd.c:523:8:BSP_LCD_GetFont	0	static
../Drivers/BSP/STM32F429I-Discovery/stm32f429i_discovery_lcd.c:534:10:BSP_LCD_ReadPixel	16	static
../Drivers/BSP/STM32F429I-Discovery/stm32f429i_discovery_lcd.c:568:6:BSP_LCD_Clear	32	static
../Drivers/BSP/STM32F429I-Discovery/stm32f429i_discovery_lcd.c:678:6:BSP_LCD_DrawHLine	32	static
../Drivers/BSP/STM32F429I-Discovery/stm32f429i_discovery_lcd.c:695:6:BSP_LCD_DrawVLine	32	static
../Drivers/BSP/STM32F429I-Discovery/stm32f429i_discovery_lcd.c:787:6:BSP_LCD_DrawRect	24	static
../Drivers/BSP/STM32F429I-Discovery/stm32f429i_discovery_lcd.c:902:6:BSP_LCD_DrawBitmap	40	static
../Drivers/BSP/STM32F429I-Discovery/stm32f429i_discovery_lcd.c:959:6:BSP_LCD_FillRect	40	static
../Drivers/BSP/STM32F429I-Discovery/stm32f429i_discovery_lcd.c:578:6:BSP_LCD_ClearStringLine	24	static
../Drivers/BSP/STM32F429I-Discovery/stm32f429i_discovery_lcd.c:1171:6:BSP_LCD_FillEllipse	56	static
../Drivers/BSP/STM32F429I-Discovery/stm32f429i_discovery_lcd.c:1199:6:BSP_LCD_DisplayOn	8	static
../Drivers/BSP/STM32F429I-Discovery/stm32f429i_discovery_lcd.c:1210:6:BSP_LCD_DisplayOff	8	static
../Drivers/BSP/STM32F429I-Discovery/stm32f429i_discovery_lcd.c:1225:13:BSP_LCD_MspInit	72	static
../Drivers/BSP/STM32F429I-Discovery/stm32f429i_discovery_lcd.c:153:9:BSP_LCD_Init	16	static
../Drivers/BSP/STM32F429I-Discovery/stm32f429i_discovery_lcd.c:1309:6:BSP_LCD_DrawPixel	24	static
../Drivers/BSP/STM32F429I-Discovery/stm32f429i_discovery_lcd.c:1321:13:DrawChar	48	static
../Drivers/BSP/STM32F429I-Discovery/stm32f429i_discovery_lcd.c:596:6:BSP_LCD_DisplayChar	16	static
../Drivers/BSP/STM32F429I-Discovery/stm32f429i_discovery_lcd.c:613:6:BSP_LCD_DisplayStringAt	24	static
../Drivers/BSP/STM32F429I-Discovery/stm32f429i_discovery_lcd.c:667:6:BSP_LCD_DisplayStringAtLine	16	static
../Drivers/BSP/STM32F429I-Discovery/stm32f429i_discovery_lcd.c:713:6:BSP_LCD_DrawLine	56	static
../Drivers/BSP/STM32F429I-Discovery/stm32f429i_discovery_lcd.c:843:6:BSP_LCD_DrawPolygon	16	static
../Drivers/BSP/STM32F429I-Discovery/stm32f429i_discovery_lcd.c:1030:6:BSP_LCD_FillTriangle	64	static
../Drivers/BSP/STM32F429I-Discovery/stm32f429i_discovery_lcd.c:1103:6:BSP_LCD_FillPolygon	72	static
../Drivers/BSP/STM32F429I-Discovery/stm32f429i_discovery_lcd.c:804:6:BSP_LCD_DrawCircle	64	static
../Drivers/BSP/STM32F429I-Discovery/stm32f429i_discovery_lcd.c:979:6:BSP_LCD_FillCircle	48	static
../Drivers/BSP/STM32F429I-Discovery/stm32f429i_discovery_lcd.c:870:6:BSP_LCD_DrawEllipse	72	static
