../Src/picojpeg.c:224:13:fillInBuf	8	static
../Src/picojpeg.c:241:26:getChar	8	static
../Src/picojpeg.c:257:25:stuffChar	0	static
../Src/picojpeg.c:264:26:getOctet	16	static
../Src/picojpeg.c:282:15:getBits	32	static
../Src/picojpeg.c:319:27:getBits1	8	static
../Src/picojpeg.c:324:27:getBits2	8	static
../Src/picojpeg.c:329:26:getBit	8	static
../Src/picojpeg.c:348:15:getExtendTest	0	static
../Src/picojpeg.c:372:14:getExtendOffset	0	static
../Src/picojpeg.c:396:26:huffExtend	16	static
../Src/picojpeg.c:401:26:huffDecode	24	static
../Src/picojpeg.c:432:13:huffCreate	12	static
../Src/picojpeg.c:468:19:getHuffTable	0	static
../Src/picojpeg.c:482:15:getHuffVal	0	static
../Src/picojpeg.c:496:15:getMaxHuffCodes	0	static
../Src/picojpeg.c:501:14:readDHTMarker	48	static
../Src/picojpeg.c:612:14:readSOFMarker	8	static
../Src/picojpeg.c:653:14:skipVariableMarker	8	static
../Src/picojpeg.c:672:14:readDRIMarker	8	static
../Src/picojpeg.c:683:14:readSOSMarker	16	static
../Src/picojpeg.c:732:14:nextMarker	8	static
../Src/picojpeg.c:837:14:locateSOIMarker	16	static
../Src/picojpeg.c:947:14:init	16	static
../Src/picojpeg.c:970:13:fixInBuffer	8	static
../Src/picojpeg.c:985:14:processRestart	16	static
../Src/picojpeg.c:1054:14:checkHuffTables	0	static
../Src/picojpeg.c:1071:14:checkQuantTables	0	static
../Src/picojpeg.c:1118:14:initFrame	0	static
../Src/picojpeg.c:1234:13:createWinogradQuant	0	static
../Src/picojpeg.c:559:14:readDQTMarker	24	static
../Src/picojpeg.c:762:14:processMarkers	8	static
../Src/picojpeg.c:882:14:locateSOFMarker	16	static
../Src/picojpeg.c:925:14:locateSOSMarker	16	static
../Src/picojpeg.c:1086:14:initScan	16	static
../Src/picojpeg.c:1252:26:imul_b1_b3	0	static
../Src/picojpeg.c:1261:26:imul_b2	0	static
../Src/picojpeg.c:1270:26:imul_b4	0	static
../Src/picojpeg.c:1279:26:imul_b5	0	static
../Src/picojpeg.c:1286:26:clamp	0	static
../Src/picojpeg.c:1299:13:idctRows	56	static
../Src/picojpeg.c:1374:13:idctCols	56	static
../Src/picojpeg.c:1452:26:addAndClamp	0	static
../Src/picojpeg.c:1467:26:subAndClamp	0	static
../Src/picojpeg.c:1492:13:upsampleCb	32	static
../Src/picojpeg.c:1529:13:upsampleCbH	32	static
../Src/picojpeg.c:1560:13:upsampleCbV	32	static
../Src/picojpeg.c:1601:13:upsampleCr	32	static
../Src/picojpeg.c:1638:13:upsampleCrH	32	static
../Src/picojpeg.c:1669:13:upsampleCrV	32	static
../Src/picojpeg.c:1701:13:copyY	4	static
../Src/picojpeg.c:1720:13:convertCb	32	static
../Src/picojpeg.c:1741:13:convertCr	32	static
../Src/picojpeg.c:1761:13:transformBlock	8	static
../Src/picojpeg.c:1908:13:transformBlockReduce	16	static
../Src/picojpeg.c:2118:14:decodeNextMCU	32	static
../Src/picojpeg.c:2262:15:pjpeg_decode_mcu	8	static
../Src/picojpeg.c:2287:15:pjpeg_decode_init	16	static
