../Src/stb_image.c:417:12:e	0	static
../Src/stb_image.c:650:13:start_file	0	static
../Src/stb_image.c:656:13:start_mem	0	static
../Src/stb_image.c:749:14:compute_y	0	static
../Src/stb_image.c:1105:28:clamp	0	static
../Src/stb_image.c:1159:13:idct_block	320	static
../Src/stb_image.c:1292:13:reset	0	static
../Src/stb_image.c:1595:15:resample_row_1	0	static
../Src/stb_image.c:1600:15:resample_row_v_2	8	static
../Src/stb_image.c:1609:16:resample_row_h_2	12	static
../Src/stb_image.c:1634:15:resample_row_hv_2	16	static
../Src/stb_image.c:1655:15:resample_row_generic	12	static
../Src/stb_image.c:1669:13:YCbCr_to_RGB_row	28	static
../Src/stb_image.c:1906:26:bitreverse16	0	static
../Src/stb_image.c:1988:26:zget8	0	static
../Src/stb_image.c:2174:12:parse_zlib_header	16	static
../Src/stb_image.c:2189:13:init_defaults	0	static
../Src/stb_image.c:2354:12:paeth	4	static
../Src/stb_image.c:2822:12:high_bit	0	static
../Src/stb_image.c:2834:12:bitcount	0	static
../Src/stb_image.c:2844:12:shiftsigned	0	static
../Src/stb_image.c:1705:13:cleanup_jpeg	16	static
../Src/stb_image.c:2508:12:expand_palette	32	static
../Src/stb_image.c:817:17:hdr_to_ldr	56	static
../Src/stb_image.c:799:17:ldr_to_hdr	56	static
../Src/stb_image.c:678:26:at_eof	8	static
../Src/stb_image.c:665:26:get8	8	static
../Src/stb_image.c:702:12:get16	16	static
../Src/stb_image.c:708:15:get32	16	static
../Src/stb_image.c:2320:14:get_chunk_header	16	static
../Src/stb_image.c:3373:12:psd_test	8	static
../Src/stb_image.c:1470:12:process_frame_header	48	static
../Src/stb_image.c:1445:12:process_scan_header	16	static
../Src/stb_image.c:964:13:grow_buffer_unsafe	16	static
../Src/stb_image.c:1036:26:extend_receive	16	static
../Src/stb_image.c:687:28:get8u	8	static
../Src/stb_image.c:1275:14:get_marker	16	static
../Src/stb_image.c:2328:12:check_png_header	16	static
../Src/stb_image.c:714:12:get16le	16	static
../Src/stb_image.c:720:15:get32le	16	static
../Src/stb_image.c:2788:12:bmp_test	8	static
../Src/stb_image.c:3086:12:tga_test	8	static
../Src/stb_image.c:3588:12:hdr_test	16	static
../Src/stb_image.c:3618:14:hdr_gettoken	24	static
../Src/stb_image.c:923:12:build_huffman	16	static
../Src/stb_image.c:985:26:decode	24	static
../Src/stb_image.c:1070:12:decode_block	24	static
../Src/stb_image.c:1304:12:parse_entropy_coded_data	184	static
../Src/stb_image.c:1994:13:fill_bits	8	static
../Src/stb_image.c:2003:35:zreceive	16	static
../Src/stb_image.c:1915:26:bit_reverse	8	static
../Src/stb_image.c:1923:12:zbuild_huffman	168	static
../Src/stb_image.c:2013:26:zhuffman_decode	16	static
../Src/stb_image.c:2099:12:compute_huffman_codes	2520	static
../Src/stb_image.c:2366:12:create_png_image_raw	56	static
../Src/stb_image.c:2483:12:compute_transparency	8	static
../Src/stb_image.c:754:23:convert_format	48	static
../Src/stb_image.c:692:13:skip	8	static
../Src/stb_image.c:1376:12:process_marker	96	static
../Src/stb_image.c:1549:12:decode_jpeg_header	16	static
../Src/stb_image.c:1570:12:decode_jpeg_image	8	static
../Src/stb_image.c:1730:15:load_jpeg_image	208	static
../Src/stb_image.c:2861:17:bmp_load	1144	static
../Src/stb_image.c:3398:17:psd_load	72	static
../Src/stb_image.c:2442:12:create_png_image	192	static
../Src/stb_image.c:2040:12:expand	16	static
../Src/stb_image.c:2145:12:parse_uncompressed_block	24	static
../Src/stb_image.c:2071:12:parse_huffman_block	16	static
../Src/stb_image.c:2201:12:parse_zlib	16	static
../Src/stb_image.c:2232:12:do_zlib	8	static
../Src/stb_image.c:726:13:getn	16	static
../Src/stb_image.c:3125:17:tga_load	88	static
../Src/stb_image.c:3640:13:hdr_convert	16	static
../Src/stb_image.c:3668:15:hdr_load	1096	static
../Src/stb_image.c:3801:13:write8	16	static
../Src/stb_image.c:3803:13:writefv	24	static
../Src/stb_image.c:3819:13:writef	12	static
../Src/stb_image.c:3827:13:write_pixels	72	static
../Src/stb_image.c:3866:12:outfile	56	static
../Src/stb_image.c:412:7:stbi_failure_reason	0	static
../Src/stb_image.c:434:6:stbi_image_free	8	static
../Src/stb_image.c:443:5:stbi_register_loader	0	static
../Src/stb_image.c:618:8:stbi_hdr_to_ldr_gamma	0	static
../Src/stb_image.c:619:8:stbi_hdr_to_ldr_scale	0	static
../Src/stb_image.c:621:8:stbi_ldr_to_hdr_gamma	0	static
../Src/stb_image.c:622:8:stbi_ldr_to_hdr_scale	0	static
../Src/stb_image.c:1831:16:stbi_jpeg_load_from_file	14040	static
../Src/stb_image.c:1838:16:stbi_jpeg_load	32	static
../Src/stb_image.c:1849:16:stbi_jpeg_load_from_memory	14040	static
../Src/stb_image.c:1857:5:stbi_jpeg_test_file	14032	static
../Src/stb_image.c:1869:5:stbi_jpeg_test_memory	14024	static
../Src/stb_image.c:2242:7:stbi_zlib_decode_malloc_guesssize	4104	static
../Src/stb_image.c:2258:7:stbi_zlib_decode_malloc	8	static
../Src/stb_image.c:2542:12:parse_png_file	1112	static
../Src/stb_image.c:2691:23:do_png	40	static
../Src/stb_image.c:2263:5:stbi_zlib_decode_buffer	4088	static
../Src/stb_image.c:2274:7:stbi_zlib_decode_noheader_malloc	4096	static
../Src/stb_image.c:2290:5:stbi_zlib_decode_noheader_buffer	4088	static
../Src/stb_image.c:2718:16:stbi_png_load_from_file	64	static
../Src/stb_image.c:2725:16:stbi_png_load	32	static
../Src/stb_image.c:2736:16:stbi_png_load_from_memory	64	static
../Src/stb_image.c:2744:5:stbi_png_test_file	56	static
../Src/stb_image.c:2756:5:stbi_png_test_memory	48	static
../Src/stb_image.c:2765:10:stbi_png_info	64	static
../Src/stb_image.c:2803:10:stbi_bmp_test_file	48	static
../Src/stb_image.c:2814:10:stbi_bmp_test_memory	40	static
../Src/stb_image.c:3068:10:stbi_bmp_load_from_file	56	static
../Src/stb_image.c:3058:10:stbi_bmp_load	32	static
../Src/stb_image.c:3076:10:stbi_bmp_load_from_memory	56	static
../Src/stb_image.c:3107:10:stbi_tga_test_file	48	static
../Src/stb_image.c:3118:10:stbi_tga_test_memory	40	static
../Src/stb_image.c:3354:10:stbi_tga_load_from_file	56	static
../Src/stb_image.c:3344:10:stbi_tga_load	32	static
../Src/stb_image.c:3362:10:stbi_tga_load_from_memory	56	static
../Src/stb_image.c:3380:5:stbi_psd_test_file	48	static
../Src/stb_image.c:3391:5:stbi_psd_test_memory	40	static
../Src/stb_image.c:3568:10:stbi_psd_load_from_file	56	static
../Src/stb_image.c:3558:10:stbi_psd_load	32	static
../Src/stb_image.c:3576:10:stbi_psd_load_from_memory	56	static
../Src/stb_image.c:3598:5:stbi_hdr_test_memory	40	static
../Src/stb_image.c:575:5:stbi_is_hdr_from_memory	8	static
../Src/stb_image.c:3606:5:stbi_hdr_test_file	48	static
../Src/stb_image.c:596:17:stbi_is_hdr_from_file	8	static
../Src/stb_image.c:585:17:stbi_is_hdr	16	static
../Src/stb_image.c:3780:8:stbi_hdr_load_from_file	56	static
../Src/stb_image.c:477:16:stbi_load_from_file	40	static
../Src/stb_image.c:467:16:stbi_load	32	static
../Src/stb_image.c:543:8:stbi_loadf_from_file	32	static
../Src/stb_image.c:533:8:stbi_loadf	32	static
../Src/stb_image.c:3788:8:stbi_hdr_load_from_memory	56	static
../Src/stb_image.c:504:16:stbi_load_from_memory	40	static
../Src/stb_image.c:557:8:stbi_loadf_from_memory	40	static
../Src/stb_image.c:3880:5:stbi_write_bmp	120	static
../Src/stb_image.c:3889:5:stbi_write_tga	88	static
