../Src/usbd_conf.c:95:6:HAL_PCD_MspInit	40	static
../Src/usbd_conf.c:134:6:HAL_PCD_MspDeInit	8	static
../Src/usbd_conf.c:166:6:HAL_PCD_SetupStageCallback	8	static
../Src/usbd_conf.c:177:6:HAL_PCD_DataOutStageCallback	8	static
../Src/usbd_conf.c:188:6:HAL_PCD_DataInStageCallback	8	static
../Src/usbd_conf.c:198:6:HAL_PCD_SOFCallback	8	static
../Src/usbd_conf.c:208:6:HAL_PCD_ResetCallback	8	static
../Src/usbd_conf.c:238:6:HAL_PCD_SuspendCallback	8	static
../Src/usbd_conf.c:259:6:HAL_PCD_ResumeCallback	8	static
../Src/usbd_conf.c:273:6:HAL_PCD_ISOOUTIncompleteCallback	8	static
../Src/usbd_conf.c:284:6:HAL_PCD_ISOINIncompleteCallback	8	static
../Src/usbd_conf.c:294:6:HAL_PCD_ConnectCallback	8	static
../Src/usbd_conf.c:304:6:HAL_PCD_DisconnectCallback	8	static
../Src/usbd_conf.c:318:20:USBD_LL_Init	8	static
../Src/usbd_conf.c:355:20:USBD_LL_DeInit	8	static
../Src/usbd_conf.c:387:20:USBD_LL_Start	8	static
../Src/usbd_conf.c:419:20:USBD_LL_Stop	8	static
../Src/usbd_conf.c:454:20:USBD_LL_OpenEP	8	static
../Src/usbd_conf.c:487:20:USBD_LL_CloseEP	8	static
../Src/usbd_conf.c:520:20:USBD_LL_FlushEP	8	static
../Src/usbd_conf.c:553:20:USBD_LL_StallEP	8	static
../Src/usbd_conf.c:586:20:USBD_LL_ClearStallEP	8	static
../Src/usbd_conf.c:619:9:USBD_LL_IsStallEP	0	static
../Src/usbd_conf.c:639:20:USBD_LL_SetUSBAddress	8	static
../Src/usbd_conf.c:674:20:USBD_LL_Transmit	8	static
../Src/usbd_conf.c:709:20:USBD_LL_PrepareReceive	8	static
../Src/usbd_conf.c:742:10:USBD_LL_GetRxDataSize	8	static
../Src/usbd_conf.c:790:6:USBD_LL_Delay	8	static
